Archive member included to satisfy reference by file (symbol)

/usr/lib/gcc/arm-none-eabi/4.9.2/thumb/cortex-m3/libgcc.a(_arm_addsubdf3.o)
                              build/kernel/components/libc/minilibc/math.o (__aeabi_dsub)
/usr/lib/gcc/arm-none-eabi/4.9.2/thumb/cortex-m3/libgcc.a(_arm_muldivdf3.o)
                              build/kernel/components/libc/minilibc/math.o (__aeabi_dmul)
/usr/lib/gcc/arm-none-eabi/4.9.2/thumb/cortex-m3/libgcc.a(_arm_fixdfsi.o)
                              build/kernel/components/libc/minilibc/math.o (__aeabi_d2iz)
/usr/lib/gcc/arm-none-eabi/4.9.2/../../../../arm-none-eabi/lib/thumb/cortex-m3/libc.a(lib_a-atexit.o)
                              /usr/lib/gcc/arm-none-eabi/4.9.2/../../../../arm-none-eabi/lib/thumb/cortex-m3/crt0.o (atexit)
/usr/lib/gcc/arm-none-eabi/4.9.2/../../../../arm-none-eabi/lib/thumb/cortex-m3/libc.a(lib_a-exit.o)
                              /usr/lib/gcc/arm-none-eabi/4.9.2/../../../../arm-none-eabi/lib/thumb/cortex-m3/crt0.o (exit)
/usr/lib/gcc/arm-none-eabi/4.9.2/../../../../arm-none-eabi/lib/thumb/cortex-m3/libc.a(lib_a-fini.o)
                              /usr/lib/gcc/arm-none-eabi/4.9.2/../../../../arm-none-eabi/lib/thumb/cortex-m3/crt0.o (__libc_fini_array)
/usr/lib/gcc/arm-none-eabi/4.9.2/../../../../arm-none-eabi/lib/thumb/cortex-m3/libc.a(lib_a-impure.o)
                              /usr/lib/gcc/arm-none-eabi/4.9.2/../../../../arm-none-eabi/lib/thumb/cortex-m3/libc.a(lib_a-exit.o) (_global_impure_ptr)
/usr/lib/gcc/arm-none-eabi/4.9.2/../../../../arm-none-eabi/lib/thumb/cortex-m3/libc.a(lib_a-init.o)
                              /usr/lib/gcc/arm-none-eabi/4.9.2/../../../../arm-none-eabi/lib/thumb/cortex-m3/crt0.o (__libc_init_array)
/usr/lib/gcc/arm-none-eabi/4.9.2/../../../../arm-none-eabi/lib/thumb/cortex-m3/libc.a(lib_a-__atexit.o)
                              /usr/lib/gcc/arm-none-eabi/4.9.2/../../../../arm-none-eabi/lib/thumb/cortex-m3/libc.a(lib_a-atexit.o) (__register_exitproc)
/usr/lib/gcc/arm-none-eabi/4.9.2/../../../../arm-none-eabi/lib/thumb/cortex-m3/libc.a(lib_a-__call_atexit.o)
                              /usr/lib/gcc/arm-none-eabi/4.9.2/../../../../arm-none-eabi/lib/thumb/cortex-m3/libc.a(lib_a-exit.o) (__call_exitprocs)

Allocating common symbols
Common symbol       size              file

rt_interrupt_to_thread
                    0x4               build/kernel/libcpu/arm/cortex-m3/cpuport.o
rt_interrupt_from_thread
                    0x4               build/kernel/libcpu/arm/cortex-m3/cpuport.o
global_sysvar_list  0x4               build/kernel/components/finsh/finsh_var.o
finsh_heap          0x80              build/kernel/components/finsh/finsh_heap.o
shell               0x4               build/kernel/components/finsh/shell.o
rt_thread_switch_interrupt_flag
                    0x4               build/kernel/libcpu/arm/cortex-m3/cpuport.o
text_segment        0x80              build/kernel/components/finsh/finsh_vm.o
finsh_compile_pc    0x4               build/kernel/components/finsh/finsh_compiler.o
finsh_vm_stack      0x100             build/kernel/components/finsh/finsh_vm.o
global_errno        0x1               build/kernel/components/finsh/finsh_error.o
rt_thread_priority_table
                    0x100             build/kernel/src/scheduler.o
serial1             0x54              build/bsp/drivers/usart.o
rt_object_put_hook  0x4               build/kernel/src/object.o
rt_current_priority
                    0x1               build/kernel/src/scheduler.o
rt_interrupt_nest   0x1               build/kernel/src/irq.o
serial3             0x54              build/bsp/drivers/usart.o
rt_object_take_hook
                    0x4               build/kernel/src/object.o
rt_current_thread   0x4               build/kernel/src/scheduler.o
rt_thread_ready_priority_group
                    0x4               build/kernel/src/scheduler.o
rt_thread_defunct   0x8               build/kernel/src/scheduler.o
global_node_table   0x140             build/kernel/components/finsh/finsh_node.o
finsh_compile_sp    0x4               build/kernel/components/finsh/finsh_compiler.o
finsh_pc            0x4               build/kernel/components/finsh/finsh_vm.o
rt_object_trytake_hook
                    0x4               build/kernel/src/object.o
finsh_sp            0x4               build/kernel/components/finsh/finsh_vm.o
serial2             0x54              build/bsp/drivers/usart.o
global_variable     0xc0              build/kernel/components/finsh/finsh_var.o

Discarded input sections

 .text          0x0000000000000000        0x0 /usr/lib/gcc/arm-none-eabi/4.9.2/thumb/cortex-m3/crti.o
 .data          0x0000000000000000        0x0 /usr/lib/gcc/arm-none-eabi/4.9.2/thumb/cortex-m3/crti.o
 .bss           0x0000000000000000        0x0 /usr/lib/gcc/arm-none-eabi/4.9.2/thumb/cortex-m3/crti.o
 .init          0x0000000000000000        0x4 /usr/lib/gcc/arm-none-eabi/4.9.2/thumb/cortex-m3/crti.o
[...]
Memory Configuration

Name             Origin             Length             Attributes
CODE             0x0000000008000000 0x0000000000010000 xr
DATA             0x0000000020000000 0x0000000000005000 rw
*default*        0x0000000000000000 0xffffffffffffffff

Linker script and memory map

LOAD /usr/lib/gcc/arm-none-eabi/4.9.2/thumb/cortex-m3/crti.o
LOAD /usr/lib/gcc/arm-none-eabi/4.9.2/thumb/cortex-m3/crtbegin.o
LOAD /usr/lib/gcc/arm-none-eabi/4.9.2/../../../../arm-none-eabi/lib/thumb/cortex-m3/crt0.o
LOAD build/bsp/drivers/board.o
LOAD build/bsp/drivers/stm32f10x_it.o
LOAD build/bsp/drivers/led.o
LOAD build/bsp/drivers/usart.o
LOAD build/bsp/applications/application.o
LOAD build/bsp/applications/startup.o
LOAD build/bsp/Libraries/CMSIS/CM3/DeviceSupport/ST/STM32F10x/system_stm32f10x.o
LOAD build/bsp/Libraries/STM32F10x_StdPeriph_Driver/src/stm32f10x_crc.o
LOAD build/bsp/Libraries/STM32F10x_StdPeriph_Driver/src/stm32f10x_rcc.o
LOAD build/bsp/Libraries/STM32F10x_StdPeriph_Driver/src/stm32f10x_wwdg.o
LOAD build/bsp/Libraries/STM32F10x_StdPeriph_Driver/src/stm32f10x_pwr.o
LOAD build/bsp/Libraries/STM32F10x_StdPeriph_Driver/src/stm32f10x_exti.o
LOAD build/bsp/Libraries/STM32F10x_StdPeriph_Driver/src/stm32f10x_bkp.o
LOAD build/bsp/Libraries/STM32F10x_StdPeriph_Driver/src/stm32f10x_i2c.o
LOAD build/bsp/Libraries/STM32F10x_StdPeriph_Driver/src/stm32f10x_adc.o
LOAD build/bsp/Libraries/STM32F10x_StdPeriph_Driver/src/stm32f10x_dac.o
LOAD build/bsp/Libraries/STM32F10x_StdPeriph_Driver/src/stm32f10x_rtc.o
LOAD build/bsp/Libraries/STM32F10x_StdPeriph_Driver/src/stm32f10x_fsmc.o
LOAD build/bsp/Libraries/STM32F10x_StdPeriph_Driver/src/stm32f10x_tim.o
LOAD build/bsp/Libraries/STM32F10x_StdPeriph_Driver/src/stm32f10x_iwdg.o
LOAD build/bsp/Libraries/STM32F10x_StdPeriph_Driver/src/stm32f10x_spi.o
LOAD build/bsp/Libraries/STM32F10x_StdPeriph_Driver/src/stm32f10x_flash.o
LOAD build/bsp/Libraries/STM32F10x_StdPeriph_Driver/src/stm32f10x_sdio.o
LOAD build/bsp/Libraries/STM32F10x_StdPeriph_Driver/src/stm32f10x_gpio.o
LOAD build/bsp/Libraries/STM32F10x_StdPeriph_Driver/src/stm32f10x_usart.o
LOAD build/bsp/Libraries/STM32F10x_StdPeriph_Driver/src/stm32f10x_dbgmcu.o
LOAD build/bsp/Libraries/STM32F10x_StdPeriph_Driver/src/stm32f10x_dma.o
LOAD build/bsp/Libraries/STM32F10x_StdPeriph_Driver/src/stm32f10x_can.o
LOAD build/bsp/Libraries/STM32F10x_StdPeriph_Driver/src/stm32f10x_cec.o
LOAD build/bsp/Libraries/STM32F10x_StdPeriph_Driver/src/misc.o
LOAD build/bsp/Libraries/CMSIS/CM3/DeviceSupport/ST/STM32F10x/startup/gcc_ride7/startup_stm32f10x_md.o
LOAD build/kernel/src/clock.o
LOAD build/kernel/src/device.o
LOAD build/kernel/src/idle.o
LOAD build/kernel/src/ipc.o
LOAD build/kernel/src/irq.o
LOAD build/kernel/src/kservice.o
LOAD build/kernel/src/mem.o
LOAD build/kernel/src/mempool.o
LOAD build/kernel/src/object.o
LOAD build/kernel/src/scheduler.o
LOAD build/kernel/src/thread.o
LOAD build/kernel/src/timer.o
LOAD build/kernel/libcpu/arm/cortex-m3/cpuport.o
LOAD build/kernel/libcpu/arm/cortex-m3/context_gcc.o
LOAD build/kernel/libcpu/arm/common/backtrace.o
LOAD build/kernel/libcpu/arm/common/div0.o
LOAD build/kernel/libcpu/arm/common/showmem.o
LOAD build/kernel/components/drivers/serial/serial.o
LOAD build/kernel/components/drivers/src/completion.o
LOAD build/kernel/components/drivers/src/dataqueue.o
LOAD build/kernel/components/drivers/src/pipe.o
LOAD build/kernel/components/drivers/src/portal.o
LOAD build/kernel/components/drivers/src/ringbuffer.o
LOAD build/kernel/components/drivers/src/workqueue.o
LOAD build/kernel/components/init/components.o
LOAD build/kernel/components/finsh/shell.o
LOAD build/kernel/components/finsh/symbol.o
LOAD build/kernel/components/finsh/cmd.o
LOAD build/kernel/components/finsh/finsh_compiler.o
LOAD build/kernel/components/finsh/finsh_error.o
LOAD build/kernel/components/finsh/finsh_heap.o
LOAD build/kernel/components/finsh/finsh_init.o
LOAD build/kernel/components/finsh/finsh_node.o
LOAD build/kernel/components/finsh/finsh_ops.o
LOAD build/kernel/components/finsh/finsh_parser.o
LOAD build/kernel/components/finsh/finsh_var.o
LOAD build/kernel/components/finsh/finsh_vm.o
LOAD build/kernel/components/finsh/finsh_token.o
LOAD build/kernel/components/libc/minilibc/ctype.o
LOAD build/kernel/components/libc/minilibc/math.o
LOAD build/kernel/components/libc/minilibc/qsort.o
LOAD build/kernel/components/libc/minilibc/rand.o
LOAD build/kernel/components/libc/minilibc/stdlib.o
LOAD build/kernel/components/libc/minilibc/string.o
LOAD build/kernel/components/libc/minilibc/time.o
START GROUP
LOAD /usr/lib/gcc/arm-none-eabi/4.9.2/thumb/cortex-m3/libgcc.a
LOAD /usr/lib/gcc/arm-none-eabi/4.9.2/../../../../arm-none-eabi/lib/thumb/cortex-m3/libc.a
END GROUP
LOAD /usr/lib/gcc/arm-none-eabi/4.9.2/thumb/cortex-m3/crtend.o
LOAD /usr/lib/gcc/arm-none-eabi/4.9.2/thumb/cortex-m3/crtn.o
                0x0000000000000100                _system_stack_size = 0x100

.text           0x0000000008000000     0xea3c
                0x0000000008000000                . = ALIGN (0x4)
                0x0000000008000000                _stext = .
 *(.isr_vector)
 .isr_vector    0x0000000008000000      0x10c build/bsp/Libraries/CMSIS/CM3/DeviceSupport/ST/STM32F10x/startup/gcc_ride7/startup_stm32f10x_md.o
                0x0000000008000000                g_pfnVectors
                0x000000000800010c                . = ALIGN (0x4)
 *(.text)
 .text          0x000000000800010c       0xf8 build/kernel/libcpu/arm/cortex-m3/context_gcc.o
                0x000000000800010c                rt_hw_interrupt_disable
                0x0000000008000114                rt_hw_interrupt_enable
                0x000000000800011a                rt_hw_context_switch_interrupt
                0x000000000800011a                rt_hw_context_switch
                0x0000000008000138                PendSV_Handler
                0x0000000008000174                rt_hw_context_switch_to
                0x00000000080001aa                rt_hw_interrupt_thread_switch
                0x00000000080001ae                HardFault_Handler
                0x00000000080001de                rt_hw_interrupt_check
 *(.text.*)
 .text.NVIC_SetPriority
                0x0000000008000204       0x54 build/bsp/drivers/board.o
 .text.SysTick_Config
                0x0000000008000258       0x44 build/bsp/drivers/board.o
 .text.NVIC_Configuration
                0x000000000800029c       0x10 build/bsp/drivers/board.o
                0x000000000800029c                NVIC_Configuration
 .text.SysTick_Handler
                0x00000000080002ac       0x14 build/bsp/drivers/board.o
                0x00000000080002ac                SysTick_Handler
 .text.rt_hw_board_init
                0x00000000080002c0       0x38 build/bsp/drivers/board.o
                0x00000000080002c0                rt_hw_board_init
 .text.NMI_Handler
                0x00000000080002f8        0xc build/bsp/drivers/stm32f10x_it.o
                0x00000000080002f8                NMI_Handler
 .text.MemManage_Handler
                0x0000000008000304        0x8 build/bsp/drivers/stm32f10x_it.o
                0x0000000008000304                MemManage_Handler
 .text.BusFault_Handler
                0x000000000800030c        0x8 build/bsp/drivers/stm32f10x_it.o
                0x000000000800030c                BusFault_Handler
 .text.UsageFault_Handler
                0x0000000008000314        0x8 build/bsp/drivers/stm32f10x_it.o
                0x0000000008000314                UsageFault_Handler
 .text.SVC_Handler
                0x000000000800031c        0xc build/bsp/drivers/stm32f10x_it.o
                0x000000000800031c                SVC_Handler
 .text.DebugMon_Handler
                0x0000000008000328        0xc build/bsp/drivers/stm32f10x_it.o
                0x0000000008000328                DebugMon_Handler
 .text.rt_hw_led_init
                0x0000000008000334       0x3c build/bsp/drivers/led.o
                0x0000000008000334                rt_hw_led_init
 .text.rt_hw_led_on
                0x0000000008000370       0x34 build/bsp/drivers/led.o
                0x0000000008000370                rt_hw_led_on
 .text.rt_hw_led_off
                0x00000000080003a4       0x34 build/bsp/drivers/led.o
                0x00000000080003a4                rt_hw_led_off
 .text.led      0x00000000080003d8       0x6c build/bsp/drivers/led.o
                0x00000000080003d8                led
 .text.NVIC_EnableIRQ
                0x0000000008000444       0x30 build/bsp/drivers/usart.o
 .text.NVIC_DisableIRQ
                0x0000000008000474       0x34 build/bsp/drivers/usart.o
 .text.stm32_configure
                0x00000000080004a8      0x124 build/bsp/drivers/usart.o
 .text.stm32_control
                0x00000000080005cc       0x90 build/bsp/drivers/usart.o
 .text.stm32_putc
                0x000000000800065c       0x64 build/bsp/drivers/usart.o
 .text.stm32_getc
                0x00000000080006c0       0x68 build/bsp/drivers/usart.o
 .text.USART1_IRQHandler
                0x0000000008000728       0x84 build/bsp/drivers/usart.o
                0x0000000008000728                USART1_IRQHandler
 .text.USART2_IRQHandler
                0x00000000080007ac       0x84 build/bsp/drivers/usart.o
                0x00000000080007ac                USART2_IRQHandler
 .text.USART3_IRQHandler
                0x0000000008000830       0x84 build/bsp/drivers/usart.o
                0x0000000008000830                USART3_IRQHandler
 .text.RCC_Configuration
                0x00000000080008b4       0x3c build/bsp/drivers/usart.o
 .text.GPIO_Configuration
                0x00000000080008f0       0x8c build/bsp/drivers/usart.o
 .text.NVIC_Configuration
                0x000000000800097c       0x2c build/bsp/drivers/usart.o
 .text.rt_hw_usart_init
                0x00000000080009a8       0xe4 build/bsp/drivers/usart.o
                0x00000000080009a8                rt_hw_usart_init
 .text.led_thread_entry
                0x0000000008000a8c       0x30 build/bsp/applications/application.o
 .text.rt_init_thread_entry
                0x0000000008000abc       0x1c build/bsp/applications/application.o
                0x0000000008000abc                rt_init_thread_entry
 .text.rt_application_init
                0x0000000008000ad8       0x78 build/bsp/applications/application.o
                0x0000000008000ad8                rt_application_init
 .text.assert_failed
                0x0000000008000b50       0x30 build/bsp/applications/startup.o
                0x0000000008000b50                assert_failed
 .text.rtthread_startup
                0x0000000008000b80       0x38 build/bsp/applications/startup.o
                0x0000000008000b80                rtthread_startup
 .text.main     0x0000000008000bb8       0x14 build/bsp/applications/startup.o
                0x0000000008000bb8                main
 .text.SystemInit
                0x0000000008000bcc       0x68 build/bsp/Libraries/CMSIS/CM3/DeviceSupport/ST/STM32F10x/system_stm32f10x.o
                0x0000000008000bcc                SystemInit
 .text.SetSysClock
                0x0000000008000c34        0xc build/bsp/Libraries/CMSIS/CM3/DeviceSupport/ST/STM32F10x/system_stm32f10x.o
 .text.SetSysClockTo72
                0x0000000008000c40      0x100 build/bsp/Libraries/CMSIS/CM3/DeviceSupport/ST/STM32F10x/system_stm32f10x.o
 .text.RCC_GetClocksFreq
                0x0000000008000d40      0x164 build/bsp/Libraries/STM32F10x_StdPeriph_Driver/src/stm32f10x_rcc.o
                0x0000000008000d40                RCC_GetClocksFreq
 .text.RCC_APB2PeriphClockCmd
                0x0000000008000ea4       0x70 build/bsp/Libraries/STM32F10x_StdPeriph_Driver/src/stm32f10x_rcc.o
                0x0000000008000ea4                RCC_APB2PeriphClockCmd
 .text.RCC_APB1PeriphClockCmd
                0x0000000008000f14       0x70 build/bsp/Libraries/STM32F10x_StdPeriph_Driver/src/stm32f10x_rcc.o
                0x0000000008000f14                RCC_APB1PeriphClockCmd
 .text.GPIO_Init
                0x0000000008000f84      0x254 build/bsp/Libraries/STM32F10x_StdPeriph_Driver/src/stm32f10x_gpio.o
                0x0000000008000f84                GPIO_Init
 .text.GPIO_SetBits
                0x00000000080011d8       0x8c build/bsp/Libraries/STM32F10x_StdPeriph_Driver/src/stm32f10x_gpio.o
                0x00000000080011d8                GPIO_SetBits
 .text.GPIO_ResetBits
                0x0000000008001264       0x8c build/bsp/Libraries/STM32F10x_StdPeriph_Driver/src/stm32f10x_gpio.o
                0x0000000008001264                GPIO_ResetBits
 .text.USART_Init
                0x00000000080012f0      0x2b8 build/bsp/Libraries/STM32F10x_StdPeriph_Driver/src/stm32f10x_usart.o
                0x00000000080012f0                USART_Init
 .text.USART_Cmd
                0x00000000080015a8       0x9c build/bsp/Libraries/STM32F10x_StdPeriph_Driver/src/stm32f10x_usart.o
                0x00000000080015a8                USART_Cmd
 .text.USART_ITConfig
                0x0000000008001644      0x168 build/bsp/Libraries/STM32F10x_StdPeriph_Driver/src/stm32f10x_usart.o
                0x0000000008001644                USART_ITConfig
 .text.USART_GetFlagStatus
                0x00000000080017ac       0xf4 build/bsp/Libraries/STM32F10x_StdPeriph_Driver/src/stm32f10x_usart.o
                0x00000000080017ac                USART_GetFlagStatus
 .text.USART_GetITStatus
                0x00000000080018a0      0x18c build/bsp/Libraries/STM32F10x_StdPeriph_Driver/src/stm32f10x_usart.o
                0x00000000080018a0                USART_GetITStatus
 .text.USART_ClearITPendingBit
                0x0000000008001a2c       0xdc build/bsp/Libraries/STM32F10x_StdPeriph_Driver/src/stm32f10x_usart.o
                0x0000000008001a2c                USART_ClearITPendingBit
 .text.NVIC_Init
                0x0000000008001b08       0xfc build/bsp/Libraries/STM32F10x_StdPeriph_Driver/src/misc.o
                0x0000000008001b08                NVIC_Init
 .text.NVIC_SetVectorTable
                0x0000000008001c04       0x58 build/bsp/Libraries/STM32F10x_StdPeriph_Driver/src/misc.o
                0x0000000008001c04                NVIC_SetVectorTable
 .text.Reset_Handler
                0x0000000008001c5c       0x44 build/bsp/Libraries/CMSIS/CM3/DeviceSupport/ST/STM32F10x/startup/gcc_ride7/startup_stm32f10x_md.o
                0x0000000008001c5c                Reset_Handler
 .text.Default_Handler
                0x0000000008001ca0        0x2 build/bsp/Libraries/CMSIS/CM3/DeviceSupport/ST/STM32F10x/startup/gcc_ride7/startup_stm32f10x_md.o
                0x0000000008001ca0                EXTI2_IRQHandler
                0x0000000008001ca0                TIM1_CC_IRQHandler
                0x0000000008001ca0                PVD_IRQHandler
                0x0000000008001ca0                EXTI3_IRQHandler
                0x0000000008001ca0                EXTI0_IRQHandler
                0x0000000008001ca0                I2C2_EV_IRQHandler
                0x0000000008001ca0                ADC1_2_IRQHandler
                0x0000000008001ca0                SPI1_IRQHandler
                0x0000000008001ca0                TAMPER_IRQHandler
                0x0000000008001ca0                DMA1_Channel4_IRQHandler
                0x0000000008001ca0                RTC_IRQHandler
                0x0000000008001ca0                DMA1_Channel7_IRQHandler
                0x0000000008001ca0                CAN1_RX1_IRQHandler
                0x0000000008001ca0                TIM4_IRQHandler
                0x0000000008001ca0                I2C1_EV_IRQHandler
                0x0000000008001ca0                DMA1_Channel6_IRQHandler
                0x0000000008001ca0                TIM3_IRQHandler
                0x0000000008001ca0                RCC_IRQHandler
                0x0000000008001ca0                TIM1_TRG_COM_IRQHandler
                0x0000000008001ca0                DMA1_Channel1_IRQHandler
                0x0000000008001ca0                Default_Handler
                0x0000000008001ca0                EXTI15_10_IRQHandler
                0x0000000008001ca0                EXTI9_5_IRQHandler
                0x0000000008001ca0                SPI2_IRQHandler
                0x0000000008001ca0                DMA1_Channel5_IRQHandler
                0x0000000008001ca0                EXTI4_IRQHandler
                0x0000000008001ca0                USB_LP_CAN1_RX0_IRQHandler
                0x0000000008001ca0                USB_HP_CAN1_TX_IRQHandler
                0x0000000008001ca0                DMA1_Channel3_IRQHandler
                0x0000000008001ca0                TIM1_UP_IRQHandler
                0x0000000008001ca0                WWDG_IRQHandler
                0x0000000008001ca0                TIM2_IRQHandler
                0x0000000008001ca0                TIM1_BRK_IRQHandler
                0x0000000008001ca0                EXTI1_IRQHandler
                0x0000000008001ca0                RTCAlarm_IRQHandler
                0x0000000008001ca0                I2C2_ER_IRQHandler
                0x0000000008001ca0                DMA1_Channel2_IRQHandler
                0x0000000008001ca0                CAN1_SCE_IRQHandler
                0x0000000008001ca0                FLASH_IRQHandler
                0x0000000008001ca0                I2C1_ER_IRQHandler
                0x0000000008001ca0                USBWakeUp_IRQHandler
 *fill*         0x0000000008001ca2        0x2 00000000
 .text.rt_tick_get
                0x0000000008001ca4       0x18 build/kernel/src/clock.o
                0x0000000008001ca4                rt_tick_get
 .text.rt_tick_increase
                0x0000000008001cbc       0x44 build/kernel/src/clock.o
                0x0000000008001cbc                rt_tick_increase
 .text.rt_device_register
                0x0000000008001d00       0x50 build/kernel/src/device.o
                0x0000000008001d00                rt_device_register
 .text.rt_device_find
                0x0000000008001d50       0x78 build/kernel/src/device.o
                0x0000000008001d50                rt_device_find
 .text.rt_device_open
                0x0000000008001dc8      0x10c build/kernel/src/device.o
                0x0000000008001dc8                rt_device_open
 .text.rt_device_close
                0x0000000008001ed4       0x90 build/kernel/src/device.o
                0x0000000008001ed4                rt_device_close
 .text.rt_device_read
                0x0000000008001f64       0x7c build/kernel/src/device.o
                0x0000000008001f64                rt_device_read
 .text.rt_device_write
                0x0000000008001fe0       0x7c build/kernel/src/device.o
                0x0000000008001fe0                rt_device_write
 .text.rt_device_set_rx_indicate
                0x000000000800205c       0x48 build/kernel/src/device.o
                0x000000000800205c                rt_device_set_rx_indicate
 .text.rt_list_remove
                0x00000000080020a4       0x34 build/kernel/src/idle.o
 .text._has_defunct_thread
                0x00000000080020d8       0x2c build/kernel/src/idle.o
 .text.rt_thread_idle_excute
                0x0000000008002104       0xc8 build/kernel/src/idle.o
                0x0000000008002104                rt_thread_idle_excute
 .text.rt_thread_idle_entry
                0x00000000080021cc       0x20 build/kernel/src/idle.o
 .text.rt_thread_idle_init
                0x00000000080021ec       0x40 build/kernel/src/idle.o
                0x00000000080021ec                rt_thread_idle_init
 .text.rt_list_init
                0x000000000800222c       0x20 build/kernel/src/ipc.o
 .text.rt_list_insert_before
                0x000000000800224c       0x30 build/kernel/src/ipc.o
 .text.rt_list_isempty
                0x000000000800227c       0x24 build/kernel/src/ipc.o
 .text.rt_ipc_object_init
                0x00000000080022a0       0x1c build/kernel/src/ipc.o
 .text.rt_ipc_list_suspend
                0x00000000080022bc       0x90 build/kernel/src/ipc.o
 .text.rt_ipc_list_resume
                0x000000000800234c       0x20 build/kernel/src/ipc.o
 .text.rt_sem_init
                0x000000000800236c       0x68 build/kernel/src/ipc.o
                0x000000000800236c                rt_sem_init
 .text.rt_sem_take
                0x00000000080023d4      0x178 build/kernel/src/ipc.o
                0x00000000080023d4                rt_sem_take
 .text.rt_sem_release
                0x000000000800254c       0x68 build/kernel/src/ipc.o
                0x000000000800254c                rt_sem_release
 .text.rt_interrupt_enter
                0x00000000080025b4       0x2c build/kernel/src/irq.o
                0x00000000080025b4                rt_interrupt_enter
 .text.rt_interrupt_leave
                0x00000000080025e0       0x2c build/kernel/src/irq.o
                0x00000000080025e0                rt_interrupt_leave
 .text.rt_interrupt_get_nest
                0x000000000800260c       0x18 build/kernel/src/irq.o
                0x000000000800260c                rt_interrupt_get_nest
 .text.rt_set_errno
                0x0000000008002624       0x40 build/kernel/src/kservice.o
                0x0000000008002624                rt_set_errno
 .text.rt_memset
                0x0000000008002664       0xb8 build/kernel/src/kservice.o
                0x0000000008002664                memset
                0x0000000008002664                rt_memset
 .text.rt_memcpy
                0x000000000800271c       0xd4 build/kernel/src/kservice.o
                0x000000000800271c                memcpy
                0x000000000800271c                rt_memcpy
 .text.rt_memmove
                0x00000000080027f0       0x84 build/kernel/src/kservice.o
                0x00000000080027f0                memmove
                0x00000000080027f0                rt_memmove
 .text.rt_strncpy
                0x0000000008002874       0x64 build/kernel/src/kservice.o
                0x0000000008002874                rt_strncpy
 .text.rt_strncmp
                0x00000000080028d8       0x4c build/kernel/src/kservice.o
                0x00000000080028d8                rt_strncmp
 .text.rt_strlen
                0x0000000008002924       0x30 build/kernel/src/kservice.o
                0x0000000008002924                rt_strlen
                0x0000000008002924                strlen
 .text.rt_show_version
                0x0000000008002954       0x40 build/kernel/src/kservice.o
                0x0000000008002954                rt_show_version
 .text.divide   0x0000000008002994       0x68 build/kernel/src/kservice.o
 .text.skip_atoi
                0x00000000080029fc       0x40 build/kernel/src/kservice.o
 .text.print_number
                0x0000000008002a3c      0x1d4 build/kernel/src/kservice.o
 .text.rt_vsnprintf
                0x0000000008002c10      0x548 build/kernel/src/kservice.o
                0x0000000008002c10                rt_vsnprintf
 .text.rt_console_get_device
                0x0000000008003158       0x18 build/kernel/src/kservice.o
                0x0000000008003158                rt_console_get_device
 .text.rt_console_set_device
                0x0000000008003170       0x50 build/kernel/src/kservice.o
                0x0000000008003170                rt_console_set_device
 .text.rt_hw_console_output
                0x00000000080031c0       0x14 build/kernel/src/kservice.o
                0x00000000080031c0                rt_hw_console_output
 .text.rt_kprintf
                0x00000000080031d4       0x7c build/kernel/src/kservice.o
                0x00000000080031d4                rt_kprintf
 .text.__rt_ffs
                0x0000000008003250       0x74 build/kernel/src/kservice.o
                0x0000000008003250                __rt_ffs
 .text.plug_holes
                0x00000000080032c4      0x134 build/kernel/src/mem.o
 .text.rt_system_heap_init
                0x00000000080033f8      0x12c build/kernel/src/mem.o
                0x00000000080033f8                rt_system_heap_init
 .text.rt_malloc
                0x0000000008003524      0x2ec build/kernel/src/mem.o
                0x0000000008003524                rt_malloc
 .text.rt_free  0x0000000008003810      0x1a0 build/kernel/src/mem.o
                0x0000000008003810                rt_free
 .text.list_mem
                0x00000000080039b0       0x44 build/kernel/src/mem.o
                0x00000000080039b0                list_mem
 .text.rt_list_insert_after
                0x00000000080039f4       0x30 build/kernel/src/object.o
 .text.rt_list_remove
                0x0000000008003a24       0x34 build/kernel/src/object.o
 .text.rt_object_init
                0x0000000008003a58       0x6c build/kernel/src/object.o
                0x0000000008003a58                rt_object_init
 .text.rt_object_detach
                0x0000000008003ac4       0x64 build/kernel/src/object.o
                0x0000000008003ac4                rt_object_detach
 .text.rt_object_allocate
                0x0000000008003b28       0xcc build/kernel/src/object.o
                0x0000000008003b28                rt_object_allocate
 .text.rt_object_delete
                0x0000000008003bf4       0x98 build/kernel/src/object.o
                0x0000000008003bf4                rt_object_delete
 .text.rt_object_is_systemobject
                0x0000000008003c8c       0x50 build/kernel/src/object.o
                0x0000000008003c8c                rt_object_is_systemobject
 .text.rt_list_init
                0x0000000008003cdc       0x20 build/kernel/src/scheduler.o
 .text.rt_list_insert_before
                0x0000000008003cfc       0x30 build/kernel/src/scheduler.o
 .text.rt_list_remove
                0x0000000008003d2c       0x34 build/kernel/src/scheduler.o
 .text.rt_list_isempty
                0x0000000008003d60       0x24 build/kernel/src/scheduler.o
 .text._rt_scheduler_stack_check
                0x0000000008003d84       0xa0 build/kernel/src/scheduler.o
 .text.rt_system_scheduler_init
                0x0000000008003e24       0x54 build/kernel/src/scheduler.o
                0x0000000008003e24                rt_system_scheduler_init
 .text.rt_system_scheduler_start
                0x0000000008003e78       0x3c build/kernel/src/scheduler.o
                0x0000000008003e78                rt_system_scheduler_start
 .text.rt_schedule
                0x0000000008003eb4       0xbc build/kernel/src/scheduler.o
                0x0000000008003eb4                rt_schedule
 .text.rt_schedule_insert_thread
                0x0000000008003f70       0x80 build/kernel/src/scheduler.o
                0x0000000008003f70                rt_schedule_insert_thread
 .text.rt_schedule_remove_thread
                0x0000000008003ff0       0x84 build/kernel/src/scheduler.o
                0x0000000008003ff0                rt_schedule_remove_thread
 .text.rt_enter_critical
                0x0000000008004074       0x28 build/kernel/src/scheduler.o
                0x0000000008004074                rt_enter_critical
 .text.rt_exit_critical
                0x000000000800409c       0x44 build/kernel/src/scheduler.o
                0x000000000800409c                rt_exit_critical
 .text.rt_list_init
                0x00000000080040e0       0x20 build/kernel/src/thread.o
 .text.rt_list_insert_after
                0x0000000008004100       0x30 build/kernel/src/thread.o
 .text.rt_list_insert_before
                0x0000000008004130       0x30 build/kernel/src/thread.o
 .text.rt_list_remove
                0x0000000008004160       0x34 build/kernel/src/thread.o
 .text.rt_thread_exit
                0x0000000008004194       0x6c build/kernel/src/thread.o
 .text._rt_thread_init
                0x0000000008004200       0xf4 build/kernel/src/thread.o
 .text.rt_thread_init
                0x00000000080042f4       0x90 build/kernel/src/thread.o
                0x00000000080042f4                rt_thread_init
 .text.rt_thread_self
                0x0000000008004384       0x18 build/kernel/src/thread.o
                0x0000000008004384                rt_thread_self
 .text.rt_thread_startup
                0x000000000800439c       0xa0 build/kernel/src/thread.o
                0x000000000800439c                rt_thread_startup
 .text.rt_thread_create
                0x000000000800443c       0x64 build/kernel/src/thread.o
                0x000000000800443c                rt_thread_create
 .text.rt_thread_yield
                0x00000000080044a0       0x70 build/kernel/src/thread.o
                0x00000000080044a0                rt_thread_yield
 .text.rt_thread_sleep
                0x0000000008004510       0x88 build/kernel/src/thread.o
                0x0000000008004510                rt_thread_sleep
 .text.rt_thread_delay
                0x0000000008004598       0x18 build/kernel/src/thread.o
                0x0000000008004598                rt_thread_delay
 .text.rt_thread_suspend
                0x00000000080045b0       0x74 build/kernel/src/thread.o
                0x00000000080045b0                rt_thread_suspend
 .text.rt_thread_resume
                0x0000000008004624       0x78 build/kernel/src/thread.o
                0x0000000008004624                rt_thread_resume
 .text.rt_thread_timeout
                0x000000000800469c       0x88 build/kernel/src/thread.o
                0x000000000800469c                rt_thread_timeout
 .text.rt_list_init
                0x0000000008004724       0x20 build/kernel/src/timer.o
 .text.rt_list_insert_after
                0x0000000008004744       0x30 build/kernel/src/timer.o
 .text.rt_list_remove
                0x0000000008004774       0x34 build/kernel/src/timer.o
 .text.rt_list_isempty
                0x00000000080047a8       0x24 build/kernel/src/timer.o
 .text._rt_timer_init
                0x00000000080047cc       0x68 build/kernel/src/timer.o
 .text._rt_timer_remove
                0x0000000008004834       0x34 build/kernel/src/timer.o
 .text.rt_timer_init
                0x0000000008004868       0x5c build/kernel/src/timer.o
                0x0000000008004868                rt_timer_init
 .text.rt_timer_detach
                0x00000000080048c4       0x58 build/kernel/src/timer.o
                0x00000000080048c4                rt_timer_detach
 .text.rt_timer_start
                0x000000000800491c      0x200 build/kernel/src/timer.o
                0x000000000800491c                rt_timer_start
 .text.rt_timer_stop
                0x0000000008004b1c       0x88 build/kernel/src/timer.o
                0x0000000008004b1c                rt_timer_stop
 .text.rt_timer_control
                0x0000000008004ba4       0x98 build/kernel/src/timer.o
                0x0000000008004ba4                rt_timer_control
 .text.rt_timer_check
                0x0000000008004c3c       0xb8 build/kernel/src/timer.o
                0x0000000008004c3c                rt_timer_check
 .text.rt_system_timer_init
                0x0000000008004cf4       0x30 build/kernel/src/timer.o
                0x0000000008004cf4                rt_system_timer_init
 .text.rt_system_timer_thread_init
                0x0000000008004d24        0xc build/kernel/src/timer.o
                0x0000000008004d24                rt_system_timer_thread_init
 .text.rt_hw_stack_init
                0x0000000008004d30       0x88 build/kernel/libcpu/arm/cortex-m3/cpuport.o
                0x0000000008004d30                rt_hw_stack_init
 .text.usage_fault_track
                0x0000000008004db8       0xc0 build/kernel/libcpu/arm/cortex-m3/cpuport.o
 .text.bus_fault_track
                0x0000000008004e78       0xcc build/kernel/libcpu/arm/cortex-m3/cpuport.o
 .text.mem_manage_fault_track
                0x0000000008004f44       0xb4 build/kernel/libcpu/arm/cortex-m3/cpuport.o
 .text.hard_fault_track
                0x0000000008004ff8       0x74 build/kernel/libcpu/arm/cortex-m3/cpuport.o
 .text.rt_hw_hard_fault_exception
                0x000000000800506c      0x168 build/kernel/libcpu/arm/cortex-m3/cpuport.o
                0x000000000800506c                rt_hw_hard_fault_exception
 .text._serial_poll_rx
                0x00000000080051d4       0x7c build/kernel/components/drivers/serial/serial.o
 .text._serial_poll_tx
                0x0000000008005250       0x90 build/kernel/components/drivers/serial/serial.o
 .text._serial_int_rx
                0x00000000080052e0       0xe4 build/kernel/components/drivers/serial/serial.o
 .text._serial_int_tx
                0x00000000080053c4       0xb0 build/kernel/components/drivers/serial/serial.o
 .text._serial_dma_rx
                0x0000000008005474       0xb8 build/kernel/components/drivers/serial/serial.o
 .text._serial_dma_tx
                0x000000000800552c       0x70 build/kernel/components/drivers/serial/serial.o
 .text.rt_serial_init
                0x000000000800559c       0x70 build/kernel/components/drivers/serial/serial.o
 .text.rt_serial_open
                0x000000000800560c      0x288 build/kernel/components/drivers/serial/serial.o
 .text.rt_serial_close
                0x0000000008005894      0x1bc build/kernel/components/drivers/serial/serial.o
 .text.rt_serial_read
                0x0000000008005a50       0x98 build/kernel/components/drivers/serial/serial.o
 .text.rt_serial_write
                0x0000000008005ae8       0x98 build/kernel/components/drivers/serial/serial.o
 .text.rt_serial_control
                0x0000000008005b80       0x98 build/kernel/components/drivers/serial/serial.o
 .text.rt_hw_serial_register
                0x0000000008005c18       0xac build/kernel/components/drivers/serial/serial.o
                0x0000000008005c18                rt_hw_serial_register
 .text.rt_hw_serial_isr
                0x0000000008005cc4      0x214 build/kernel/components/drivers/serial/serial.o
                0x0000000008005cc4                rt_hw_serial_isr
 .text.rt_list_init
                0x0000000008005ed8       0x20 build/kernel/components/drivers/src/completion.o
 .text.rt_list_insert_before
                0x0000000008005ef8       0x30 build/kernel/components/drivers/src/completion.o
 .text.rt_list_isempty
                0x0000000008005f28       0x24 build/kernel/components/drivers/src/completion.o
 .text.rt_completion_init
                0x0000000008005f4c       0x58 build/kernel/components/drivers/src/completion.o
                0x0000000008005f4c                rt_completion_init
 .text.rt_completion_wait
                0x0000000008005fa4      0x130 build/kernel/components/drivers/src/completion.o
                0x0000000008005fa4                rt_completion_wait
 .text.rt_completion_done
                0x00000000080060d4       0x80 build/kernel/components/drivers/src/completion.o
                0x00000000080060d4                rt_completion_done
 .text.rt_list_init
                0x0000000008006154       0x20 build/kernel/components/drivers/src/dataqueue.o
 .text.rt_list_insert_before
                0x0000000008006174       0x30 build/kernel/components/drivers/src/dataqueue.o
 .text.rt_list_isempty
                0x00000000080061a4       0x24 build/kernel/components/drivers/src/dataqueue.o
 .text.rt_data_queue_init
                0x00000000080061c8       0xa0 build/kernel/components/drivers/src/dataqueue.o
                0x00000000080061c8                rt_data_queue_init
 .text.rt_data_queue_push
                0x0000000008006268      0x1ac build/kernel/components/drivers/src/dataqueue.o
                0x0000000008006268                rt_data_queue_push
 .text.rt_data_queue_pop
                0x0000000008006414      0x220 build/kernel/components/drivers/src/dataqueue.o
                0x0000000008006414                rt_data_queue_pop
 .text.rt_data_queue_peak
                0x0000000008006634       0xa8 build/kernel/components/drivers/src/dataqueue.o
                0x0000000008006634                rt_data_queue_peak
 .text.rti_start
                0x00000000080066dc       0x10 build/kernel/components/init/components.o
 .text.rti_board_end
                0x00000000080066ec       0x10 build/kernel/components/init/components.o
 .text.rti_end  0x00000000080066fc       0x10 build/kernel/components/init/components.o
 .text.rt_components_board_init
                0x000000000800670c       0x30 build/kernel/components/init/components.o
                0x000000000800670c                rt_components_board_init
 .text.rt_components_init
                0x000000000800673c       0x30 build/kernel/components/init/components.o
                0x000000000800673c                rt_components_init
 .text.finsh_rx_ind
                0x000000000800676c       0x50 build/kernel/components/finsh/shell.o
 .text.finsh_set_device
                0x00000000080067bc       0xc0 build/kernel/components/finsh/shell.o
                0x00000000080067bc                finsh_set_device
 .text.shell_auto_complete
                0x000000000800687c       0x30 build/kernel/components/finsh/shell.o
 .text.finsh_run_line
                0x00000000080068ac       0xc0 build/kernel/components/finsh/shell.o
                0x00000000080068ac                finsh_run_line
 .text.shell_handle_history
                0x000000000800696c       0x34 build/kernel/components/finsh/shell.o
 .text.shell_push_history
                0x00000000080069a0      0x104 build/kernel/components/finsh/shell.o
 .text.finsh_thread_entry
                0x0000000008006aa4      0x64c build/kernel/components/finsh/shell.o
                0x0000000008006aa4                finsh_thread_entry
 .text.finsh_system_function_init
                0x00000000080070f0       0x28 build/kernel/components/finsh/shell.o
                0x00000000080070f0                finsh_system_function_init
 .text.finsh_system_var_init
                0x0000000008007118       0x28 build/kernel/components/finsh/shell.o
                0x0000000008007118                finsh_system_var_init
 .text.finsh_system_init
                0x0000000008007140       0xbc build/kernel/components/finsh/shell.o
                0x0000000008007140                finsh_system_init
 .text.rt_list_isempty
                0x00000000080071fc       0x24 build/kernel/components/finsh/cmd.o
 .text.rt_list_len
                0x0000000008007220       0x38 build/kernel/components/finsh/cmd.o
 .text.hello    0x0000000008007258       0x14 build/kernel/components/finsh/cmd.o
                0x0000000008007258                hello
 .text.version  0x000000000800726c       0x10 build/kernel/components/finsh/cmd.o
                0x000000000800726c                version
 .text._list_thread
                0x000000000800727c      0x108 build/kernel/components/finsh/cmd.o
 .text.list_thread
                0x0000000008007384       0x14 build/kernel/components/finsh/cmd.o
                0x0000000008007384                list_thread
 .text.show_wait_queue
                0x0000000008007398       0x4c build/kernel/components/finsh/cmd.o
 .text._list_sem
                0x00000000080073e4       0xb4 build/kernel/components/finsh/cmd.o
 .text.list_sem
                0x0000000008007498       0x14 build/kernel/components/finsh/cmd.o
                0x0000000008007498                list_sem
 .text._list_event
                0x00000000080074ac       0xa0 build/kernel/components/finsh/cmd.o
 .text.list_event
                0x000000000800754c       0x14 build/kernel/components/finsh/cmd.o
                0x000000000800754c                list_event
 .text._list_mutex
                0x0000000008007560       0x74 build/kernel/components/finsh/cmd.o
 .text.list_mutex
                0x00000000080075d4       0x14 build/kernel/components/finsh/cmd.o
                0x00000000080075d4                list_mutex
 .text._list_mailbox
                0x00000000080075e8       0xc4 build/kernel/components/finsh/cmd.o
 .text.list_mailbox
                0x00000000080076ac       0x14 build/kernel/components/finsh/cmd.o
                0x00000000080076ac                list_mailbox
 .text._list_msgqueue
                0x00000000080076c0       0xb4 build/kernel/components/finsh/cmd.o
 .text.list_msgqueue
                0x0000000008007774       0x14 build/kernel/components/finsh/cmd.o
                0x0000000008007774                list_msgqueue
 .text._list_mempool
                0x0000000008007788       0xb0 build/kernel/components/finsh/cmd.o
 .text.list_mempool
                0x0000000008007838       0x14 build/kernel/components/finsh/cmd.o
                0x0000000008007838                list_mempool
 .text._list_timer
                0x000000000800784c       0x90 build/kernel/components/finsh/cmd.o
 .text.list_timer
                0x00000000080078dc       0x14 build/kernel/components/finsh/cmd.o
                0x00000000080078dc                list_timer
 .text._list_device
                0x00000000080078f0       0x88 build/kernel/components/finsh/cmd.o
 .text.list_device
                0x0000000008007978       0x14 build/kernel/components/finsh/cmd.o
                0x0000000008007978                list_device
 .text.list     0x000000000800798c       0xf0 build/kernel/components/finsh/cmd.o
                0x000000000800798c                list
 .text.str_is_prefix
                0x0000000008007a7c       0x48 build/kernel/components/finsh/cmd.o
 .text.str_common
                0x0000000008007ac4       0x4c build/kernel/components/finsh/cmd.o
 .text.list_prefix
                0x0000000008007b10      0x290 build/kernel/components/finsh/cmd.o
                0x0000000008007b10                list_prefix
 .text.finsh_compile
                0x0000000008007da0     0x17e0 build/kernel/components/finsh/finsh_compiler.o
 .text.finsh_type_check
                0x0000000008009580      0x218 build/kernel/components/finsh/finsh_compiler.o
 .text.finsh_compiler_run
                0x0000000008009798       0x84 build/kernel/components/finsh/finsh_compiler.o
                0x0000000008009798                finsh_compiler_run
 .text.finsh_error_init
                0x000000000800981c       0x1c build/kernel/components/finsh/finsh_error.o
                0x000000000800981c                finsh_error_init
 .text.finsh_error_set
                0x0000000008009838       0x24 build/kernel/components/finsh/finsh_error.o
                0x0000000008009838                finsh_error_set
 .text.finsh_errno
                0x000000000800985c       0x18 build/kernel/components/finsh/finsh_error.o
                0x000000000800985c                finsh_errno
 .text.finsh_error_string
                0x0000000008009874       0x24 build/kernel/components/finsh/finsh_error.o
                0x0000000008009874                finsh_error_string
 .text.finsh_heap_init
                0x0000000008009898       0x3c build/kernel/components/finsh/finsh_heap.o
                0x0000000008009898                finsh_heap_init
 .text.finsh_heap_allocate
                0x00000000080098d4       0xa8 build/kernel/components/finsh/finsh_heap.o
                0x00000000080098d4                finsh_heap_allocate
 .text.finsh_heap_free
                0x000000000800997c       0x34 build/kernel/components/finsh/finsh_heap.o
                0x000000000800997c                finsh_heap_free
 .text.finsh_heap_gc
                0x00000000080099b0       0x84 build/kernel/components/finsh/finsh_heap.o
 .text.finsh_block_insert
                0x0000000008009a34       0x80 build/kernel/components/finsh/finsh_heap.o
 .text.finsh_block_remove
                0x0000000008009ab4       0x5c build/kernel/components/finsh/finsh_heap.o
 .text.finsh_block_split
                0x0000000008009b10       0x44 build/kernel/components/finsh/finsh_heap.o
 .text.finsh_block_merge
                0x0000000008009b54       0xe4 build/kernel/components/finsh/finsh_heap.o
 .text.finsh_init
                0x0000000008009c38       0x28 build/kernel/components/finsh/finsh_init.o
                0x0000000008009c38                finsh_init
 .text.finsh_stack_bottom
                0x0000000008009c60       0x18 build/kernel/components/finsh/finsh_init.o
                0x0000000008009c60                finsh_stack_bottom
 .text.finsh_flush
                0x0000000008009c78       0x20 build/kernel/components/finsh/finsh_init.o
                0x0000000008009c78                finsh_flush
 .text.finsh_node_init
                0x0000000008009c98       0x1c build/kernel/components/finsh/finsh_node.o
                0x0000000008009c98                finsh_node_init
 .text.finsh_node_allocate
                0x0000000008009cb4       0x6c build/kernel/components/finsh/finsh_node.o
                0x0000000008009cb4                finsh_node_allocate
 .text.finsh_node_new_id
                0x0000000008009d20       0xac build/kernel/components/finsh/finsh_node.o
                0x0000000008009d20                finsh_node_new_id
 .text.finsh_node_new_char
                0x0000000008009dcc       0x34 build/kernel/components/finsh/finsh_node.o
                0x0000000008009dcc                finsh_node_new_char
 .text.finsh_node_new_int
                0x0000000008009e00       0x30 build/kernel/components/finsh/finsh_node.o
                0x0000000008009e00                finsh_node_new_int
 .text.finsh_node_new_long
                0x0000000008009e30       0x30 build/kernel/components/finsh/finsh_node.o
                0x0000000008009e30                finsh_node_new_long
 .text.finsh_node_new_string
                0x0000000008009e60       0x68 build/kernel/components/finsh/finsh_node.o
                0x0000000008009e60                finsh_node_new_string
 .text.finsh_node_new_ptr
                0x0000000008009ec8       0x30 build/kernel/components/finsh/finsh_node.o
                0x0000000008009ec8                finsh_node_new_ptr
 .text.OP_no_op
                0x0000000008009ef8       0x10 build/kernel/components/finsh/finsh_ops.o
                0x0000000008009ef8                OP_no_op
 .text.OP_add_byte
                0x0000000008009f08       0x38 build/kernel/components/finsh/finsh_ops.o
                0x0000000008009f08                OP_add_byte
 .text.OP_add_word
                0x0000000008009f40       0x40 build/kernel/components/finsh/finsh_ops.o
                0x0000000008009f40                OP_add_word
 .text.OP_add_dword
                0x0000000008009f80       0x38 build/kernel/components/finsh/finsh_ops.o
                0x0000000008009f80                OP_add_dword
 .text.OP_sub_byte
                0x0000000008009fb8       0x38 build/kernel/components/finsh/finsh_ops.o
                0x0000000008009fb8                OP_sub_byte
 .text.OP_sub_word
                0x0000000008009ff0       0x40 build/kernel/components/finsh/finsh_ops.o
                0x0000000008009ff0                OP_sub_word
 .text.OP_sub_dword
                0x000000000800a030       0x38 build/kernel/components/finsh/finsh_ops.o
                0x000000000800a030                OP_sub_dword
 .text.OP_div_byte
                0x000000000800a068       0x3c build/kernel/components/finsh/finsh_ops.o
                0x000000000800a068                OP_div_byte
 .text.OP_div_word
                0x000000000800a0a4       0x40 build/kernel/components/finsh/finsh_ops.o
                0x000000000800a0a4                OP_div_word
 .text.OP_div_dword
                0x000000000800a0e4       0x38 build/kernel/components/finsh/finsh_ops.o
                0x000000000800a0e4                OP_div_dword
 .text.OP_mod_byte
                0x000000000800a11c       0x44 build/kernel/components/finsh/finsh_ops.o
                0x000000000800a11c                OP_mod_byte
 .text.OP_mod_word
                0x000000000800a160       0x48 build/kernel/components/finsh/finsh_ops.o
                0x000000000800a160                OP_mod_word
 .text.OP_mod_dword
                0x000000000800a1a8       0x40 build/kernel/components/finsh/finsh_ops.o
                0x000000000800a1a8                OP_mod_dword
 .text.OP_mul_byte
                0x000000000800a1e8       0x3c build/kernel/components/finsh/finsh_ops.o
                0x000000000800a1e8                OP_mul_byte
 .text.OP_mul_word
                0x000000000800a224       0x40 build/kernel/components/finsh/finsh_ops.o
                0x000000000800a224                OP_mul_word
 .text.OP_mul_dword
                0x000000000800a264       0x38 build/kernel/components/finsh/finsh_ops.o
                0x000000000800a264                OP_mul_dword
 .text.OP_and_byte
                0x000000000800a29c       0x38 build/kernel/components/finsh/finsh_ops.o
                0x000000000800a29c                OP_and_byte
 .text.OP_and_word
                0x000000000800a2d4       0x38 build/kernel/components/finsh/finsh_ops.o
                0x000000000800a2d4                OP_and_word
 .text.OP_and_dword
                0x000000000800a30c       0x38 build/kernel/components/finsh/finsh_ops.o
                0x000000000800a30c                OP_and_dword
 .text.OP_or_byte
                0x000000000800a344       0x38 build/kernel/components/finsh/finsh_ops.o
                0x000000000800a344                OP_or_byte
 .text.OP_or_word
                0x000000000800a37c       0x38 build/kernel/components/finsh/finsh_ops.o
                0x000000000800a37c                OP_or_word
 .text.OP_or_dword
                0x000000000800a3b4       0x38 build/kernel/components/finsh/finsh_ops.o
                0x000000000800a3b4                OP_or_dword
 .text.OP_xor_byte
                0x000000000800a3ec       0x38 build/kernel/components/finsh/finsh_ops.o
                0x000000000800a3ec                OP_xor_byte
 .text.OP_xor_word
                0x000000000800a424       0x38 build/kernel/components/finsh/finsh_ops.o
                0x000000000800a424                OP_xor_word
 .text.OP_xor_dword
                0x000000000800a45c       0x38 build/kernel/components/finsh/finsh_ops.o
                0x000000000800a45c                OP_xor_dword
 .text.OP_bw_byte
                0x000000000800a494       0x28 build/kernel/components/finsh/finsh_ops.o
                0x000000000800a494                OP_bw_byte
 .text.OP_bw_word
                0x000000000800a4bc       0x28 build/kernel/components/finsh/finsh_ops.o
                0x000000000800a4bc                OP_bw_word
 .text.OP_bw_dword
                0x000000000800a4e4       0x24 build/kernel/components/finsh/finsh_ops.o
                0x000000000800a4e4                OP_bw_dword
 .text.OP_shl_byte
                0x000000000800a508       0x3c build/kernel/components/finsh/finsh_ops.o
                0x000000000800a508                OP_shl_byte
 .text.OP_shl_word
                0x000000000800a544       0x40 build/kernel/components/finsh/finsh_ops.o
                0x000000000800a544                OP_shl_word
 .text.OP_shl_dword
                0x000000000800a584       0x38 build/kernel/components/finsh/finsh_ops.o
                0x000000000800a584                OP_shl_dword
 .text.OP_shr_byte
                0x000000000800a5bc       0x3c build/kernel/components/finsh/finsh_ops.o
                0x000000000800a5bc                OP_shr_byte
 .text.OP_shr_word
                0x000000000800a5f8       0x40 build/kernel/components/finsh/finsh_ops.o
                0x000000000800a5f8                OP_shr_word
 .text.OP_shr_dword
                0x000000000800a638       0x38 build/kernel/components/finsh/finsh_ops.o
                0x000000000800a638                OP_shr_dword
 .text.OP_ld_byte
                0x000000000800a670       0x38 build/kernel/components/finsh/finsh_ops.o
                0x000000000800a670                OP_ld_byte
 .text.OP_ld_word
                0x000000000800a6a8       0x48 build/kernel/components/finsh/finsh_ops.o
                0x000000000800a6a8                OP_ld_word
 .text.OP_ld_dword
                0x000000000800a6f0       0x5c build/kernel/components/finsh/finsh_ops.o
                0x000000000800a6f0                OP_ld_dword
 .text.OP_ld_value_byte
                0x000000000800a74c       0x68 build/kernel/components/finsh/finsh_ops.o
                0x000000000800a74c                OP_ld_value_byte
 .text.OP_ld_value_byte_stack
                0x000000000800a7b4       0x2c build/kernel/components/finsh/finsh_ops.o
                0x000000000800a7b4                OP_ld_value_byte_stack
 .text.OP_ld_value_word
                0x000000000800a7e0       0x68 build/kernel/components/finsh/finsh_ops.o
                0x000000000800a7e0                OP_ld_value_word
 .text.OP_ld_value_word_stack
                0x000000000800a848       0x2c build/kernel/components/finsh/finsh_ops.o
                0x000000000800a848                OP_ld_value_word_stack
 .text.OP_ld_value_dword
                0x000000000800a874       0x68 build/kernel/components/finsh/finsh_ops.o
                0x000000000800a874                OP_ld_value_dword
 .text.OP_ld_value_dword_stack
                0x000000000800a8dc       0x2c build/kernel/components/finsh/finsh_ops.o
                0x000000000800a8dc                OP_ld_value_dword_stack
 .text.OP_st_byte
                0x000000000800a908       0x30 build/kernel/components/finsh/finsh_ops.o
                0x000000000800a908                OP_st_byte
 .text.OP_st_word
                0x000000000800a938       0x30 build/kernel/components/finsh/finsh_ops.o
                0x000000000800a938                OP_st_word
 .text.OP_st_dword
                0x000000000800a968       0x30 build/kernel/components/finsh/finsh_ops.o
                0x000000000800a968                OP_st_dword
 .text.OP_pop   0x000000000800a998       0x1c build/kernel/components/finsh/finsh_ops.o
                0x000000000800a998                OP_pop
 .text.OP_call  0x000000000800a9b4      0x3f0 build/kernel/components/finsh/finsh_ops.o
                0x000000000800a9b4                OP_call
 .text.proc_variable_decl
                0x000000000800ada4      0x2c0 build/kernel/components/finsh/finsh_parser.o
 .text.proc_type
                0x000000000800b064      0x19c build/kernel/components/finsh/finsh_parser.o
 .text.proc_identifier
                0x000000000800b200       0x44 build/kernel/components/finsh/finsh_parser.o
 .text.proc_expr_statement
                0x000000000800b244       0x58 build/kernel/components/finsh/finsh_parser.o
 .text.proc_expr
                0x000000000800b29c       0x18 build/kernel/components/finsh/finsh_parser.o
 .text.proc_assign_expr
                0x000000000800b2b4       0x4c build/kernel/components/finsh/finsh_parser.o
 .text.proc_inclusive_or_expr
                0x000000000800b300       0x68 build/kernel/components/finsh/finsh_parser.o
 .text.proc_exclusive_or_expr
                0x000000000800b368       0x68 build/kernel/components/finsh/finsh_parser.o
 .text.proc_and_expr
                0x000000000800b3d0       0x68 build/kernel/components/finsh/finsh_parser.o
 .text.proc_shift_expr
                0x000000000800b438       0x90 build/kernel/components/finsh/finsh_parser.o
 .text.proc_additive_expr
                0x000000000800b4c8       0x90 build/kernel/components/finsh/finsh_parser.o
 .text.proc_multiplicative_expr
                0x000000000800b558       0xa8 build/kernel/components/finsh/finsh_parser.o
 .text.proc_cast_expr
                0x000000000800b600       0x74 build/kernel/components/finsh/finsh_parser.o
 .text.proc_unary_expr
                0x000000000800b674      0x104 build/kernel/components/finsh/finsh_parser.o
 .text.proc_postfix_expr
                0x000000000800b778       0xd0 build/kernel/components/finsh/finsh_parser.o
 .text.proc_primary_expr
                0x000000000800b848      0x14c build/kernel/components/finsh/finsh_parser.o
 .text.proc_param_list
                0x000000000800b994       0x74 build/kernel/components/finsh/finsh_parser.o
 .text.make_sys_node
                0x000000000800ba08       0x44 build/kernel/components/finsh/finsh_parser.o
 .text.finsh_parser_run
                0x000000000800ba4c      0x15c build/kernel/components/finsh/finsh_parser.o
                0x000000000800ba4c                finsh_parser_run
 .text.finsh_parser_init
                0x000000000800bba8       0x1c build/kernel/components/finsh/finsh_parser.o
                0x000000000800bba8                finsh_parser_init
 .text.finsh_var_init
                0x000000000800bbc4       0x18 build/kernel/components/finsh/finsh_var.o
                0x000000000800bbc4                finsh_var_init
 .text.finsh_var_insert
                0x000000000800bbdc       0xb4 build/kernel/components/finsh/finsh_var.o
                0x000000000800bbdc                finsh_var_insert
 .text.finsh_var_lookup
                0x000000000800bc90       0x60 build/kernel/components/finsh/finsh_var.o
                0x000000000800bc90                finsh_var_lookup
 .text.finsh_sysvar_lookup
                0x000000000800bcf0       0x84 build/kernel/components/finsh/finsh_var.o
                0x000000000800bcf0                finsh_sysvar_lookup
 .text.finsh_vm_run
                0x000000000800bd74       0x64 build/kernel/components/finsh/finsh_vm.o
                0x000000000800bd74                finsh_vm_run
 .text.finsh_syscall_lookup
                0x000000000800bdd8       0x84 build/kernel/components/finsh/finsh_vm.o
                0x000000000800bdd8                finsh_syscall_lookup
 .text.finsh_token_init
                0x000000000800be5c       0x24 build/kernel/components/finsh/finsh_token.o
                0x000000000800be5c                finsh_token_init
 .text.finsh_token_token
                0x000000000800be80       0x2c build/kernel/components/finsh/finsh_token.o
                0x000000000800be80                finsh_token_token
 .text.token_get_string
                0x000000000800beac       0xa8 build/kernel/components/finsh/finsh_token.o
                0x000000000800beac                token_get_string
 .text.token_next_char
                0x000000000800bf54       0x68 build/kernel/components/finsh/finsh_token.o
 .text.token_prev_char
                0x000000000800bfbc       0x30 build/kernel/components/finsh/finsh_token.o
 .text.token_run
                0x000000000800bfec      0x344 build/kernel/components/finsh/finsh_token.o
 .text.token_match_name
                0x000000000800c330       0x54 build/kernel/components/finsh/finsh_token.o
 .text.token_trim_space
                0x000000000800c384       0x30 build/kernel/components/finsh/finsh_token.o
 .text.token_proc_char
                0x000000000800c3b4       0xd8 build/kernel/components/finsh/finsh_token.o
 .text.token_proc_string
                0x000000000800c48c       0x70 build/kernel/components/finsh/finsh_token.o
 .text.token_proc_escape
                0x000000000800c4fc      0x124 build/kernel/components/finsh/finsh_token.o
 .text.token_proc_number
                0x000000000800c620      0x1f0 build/kernel/components/finsh/finsh_token.o
 .text.token_spec_number
                0x000000000800c810      0x100 build/kernel/components/finsh/finsh_token.o
 .text.atoi     0x000000000800c910       0x88 build/kernel/components/libc/minilibc/stdlib.o
                0x000000000800c910                atoi
 .text.strncpy  0x000000000800c998       0x20 build/kernel/components/libc/minilibc/string.o
                0x000000000800c998                strncpy
 .text.strcmp   0x000000000800c9b8       0x44 build/kernel/components/libc/minilibc/string.o
                0x000000000800c9b8                strcmp
 .text.strncmp  0x000000000800c9fc       0x4c build/kernel/components/libc/minilibc/string.o
                0x000000000800c9fc                strncmp
 *(.rodata)
 .rodata        0x000000000800ca48        0x8 build/bsp/drivers/board.o
 .rodata        0x000000000800ca50       0x64 build/bsp/drivers/usart.o
 .rodata        0x000000000800cab4       0x14 build/bsp/applications/application.o
 .rodata        0x000000000800cac8       0x50 build/bsp/applications/startup.o
 .rodata        0x000000000800cb18       0x3c build/bsp/Libraries/STM32F10x_StdPeriph_Driver/src/stm32f10x_rcc.o
 .rodata        0x000000000800cb54       0x3c build/bsp/Libraries/STM32F10x_StdPeriph_Driver/src/stm32f10x_gpio.o
 .rodata        0x000000000800cb90       0x3c build/bsp/Libraries/STM32F10x_StdPeriph_Driver/src/stm32f10x_usart.o
 .rodata        0x000000000800cbcc       0x30 build/bsp/Libraries/STM32F10x_StdPeriph_Driver/src/misc.o
 .rodata        0x000000000800cbfc       0x7c build/kernel/src/device.o
 .rodata        0x000000000800cc78       0x50 build/kernel/src/idle.o
 .rodata        0x000000000800ccc8       0xf8 build/kernel/src/ipc.o
 .rodata        0x000000000800cdc0       0x90 build/kernel/src/kservice.o
 .rodata        0x000000000800ce50      0x2d0 build/kernel/src/mem.o
 .rodata        0x000000000800d120       0x88 build/kernel/src/object.o
 .rodata        0x000000000800d1a8       0x88 build/kernel/src/scheduler.o
 .rodata        0x000000000800d230       0xb4 build/kernel/src/thread.o
 .rodata        0x000000000800d2e4       0x58 build/kernel/src/timer.o
 .rodata        0x000000000800d33c      0x2e0 build/kernel/libcpu/arm/cortex-m3/cpuport.o
 .rodata        0x000000000800d61c      0x104 build/kernel/components/drivers/serial/serial.o
 .rodata        0x000000000800d720       0x90 build/kernel/components/drivers/src/completion.o
 .rodata        0x000000000800d7b0       0x80 build/kernel/components/drivers/src/dataqueue.o
 .rodata        0x000000000800d830       0xe8 build/kernel/components/finsh/shell.o
 .rodata        0x000000000800d918      0x69c build/kernel/components/finsh/cmd.o
 .rodata        0x000000000800dfb4       0xf4 build/kernel/components/finsh/finsh_error.o
 .rodata        0x000000000800e0a8       0x40 build/kernel/components/finsh/finsh_token.o
 *(.rodata*)
 .rodata.__fsym_led_name
                0x000000000800e0e8        0x4 build/bsp/drivers/led.o
                0x000000000800e0e8                __fsym_led_name
 .rodata.__fsym_led_desc
                0x000000000800e0ec       0x20 build/bsp/drivers/led.o
                0x000000000800e0ec                __fsym_led_desc
 .rodata.stm32_uart_ops
                0x000000000800e10c       0x14 build/bsp/drivers/usart.o
 .rodata.__FUNCTION__.7582
                0x000000000800e120       0x10 build/bsp/drivers/usart.o
 .rodata.__FUNCTION__.7597
                0x000000000800e130       0x10 build/bsp/drivers/usart.o
 .rodata.__FUNCTION__.7610
                0x000000000800e140        0xc build/bsp/drivers/usart.o
 .rodata.__FUNCTION__.7623
                0x000000000800e14c        0xc build/bsp/drivers/usart.o
 .rodata.__FUNCTION__.4828
                0x000000000800e158       0x10 build/kernel/src/device.o
 .rodata.__FUNCTION__.4841
                0x000000000800e168       0x10 build/kernel/src/device.o
 .rodata.__FUNCTION__.4852
                0x000000000800e178       0x10 build/kernel/src/device.o
 .rodata.__FUNCTION__.4863
                0x000000000800e188       0x10 build/kernel/src/device.o
 .rodata.__FUNCTION__.4884
                0x000000000800e198       0x1c build/kernel/src/device.o
 .rodata.__FUNCTION__.4865
                0x000000000800e1b4       0x18 build/kernel/src/idle.o
 .rodata.__FUNCTION__.4888
                0x000000000800e1cc        0xc build/kernel/src/ipc.o
 .rodata.__FUNCTION__.4932
                0x000000000800e1d8        0xc build/kernel/src/ipc.o
 .rodata.__lowest_bit_bitmap
                0x000000000800e1e4      0x100 build/kernel/src/kservice.o
                0x000000000800e1e4                __lowest_bit_bitmap
 .rodata.large_digits.5012
                0x000000000800e2e4       0x14 build/kernel/src/kservice.o
 .rodata.small_digits.5011
                0x000000000800e2f8       0x14 build/kernel/src/kservice.o
 .rodata.__fsym_list_mem_name
                0x000000000800e30c        0xc build/kernel/src/mem.o
                0x000000000800e30c                __fsym_list_mem_name
 .rodata.__fsym_list_mem_desc
                0x000000000800e318       0x20 build/kernel/src/mem.o
                0x000000000800e318                __fsym_list_mem_desc
 .rodata.__FUNCTION__.4879
                0x000000000800e338        0xc build/kernel/src/mem.o
 .rodata.__FUNCTION__.4899
                0x000000000800e344       0x14 build/kernel/src/mem.o
 .rodata.__FUNCTION__.4912
                0x000000000800e358        0xc build/kernel/src/mem.o
 .rodata.__FUNCTION__.4971
                0x000000000800e364        0x8 build/kernel/src/mem.o
 .rodata.__FUNCTION__.4896
                0x000000000800e36c       0x14 build/kernel/src/object.o
 .rodata.__FUNCTION__.4908
                0x000000000800e380       0x14 build/kernel/src/object.o
 .rodata.__FUNCTION__.4918
                0x000000000800e394       0x14 build/kernel/src/object.o
 .rodata.__FUNCTION__.4930
                0x000000000800e3a8       0x1c build/kernel/src/object.o
 .rodata.__FUNCTION__.4868
                0x000000000800e3c4       0x1c build/kernel/src/scheduler.o
 .rodata.__FUNCTION__.4903
                0x000000000800e3e0       0x1c build/kernel/src/scheduler.o
 .rodata.__FUNCTION__.4912
                0x000000000800e3fc       0x1c build/kernel/src/scheduler.o
 .rodata.__FUNCTION__.4867
                0x000000000800e418       0x10 build/kernel/src/thread.o
 .rodata.__FUNCTION__.4883
                0x000000000800e428       0x10 build/kernel/src/thread.o
 .rodata.__FUNCTION__.4898
                0x000000000800e438       0x14 build/kernel/src/thread.o
 .rodata.__FUNCTION__.4946
                0x000000000800e44c       0x10 build/kernel/src/thread.o
 .rodata.__FUNCTION__.4974
                0x000000000800e45c       0x14 build/kernel/src/thread.o
 .rodata.__FUNCTION__.4983
                0x000000000800e470       0x14 build/kernel/src/thread.o
 .rodata.__FUNCTION__.4992
                0x000000000800e484       0x14 build/kernel/src/thread.o
 .rodata.__FUNCTION__.4891
                0x000000000800e498       0x10 build/kernel/src/timer.o
 .rodata.__FUNCTION__.4900
                0x000000000800e4a8       0x10 build/kernel/src/timer.o
 .rodata.__FUNCTION__.4932
                0x000000000800e4b8       0x10 build/kernel/src/timer.o
 .rodata.__FUNCTION__.4957
                0x000000000800e4c8       0x10 build/kernel/src/timer.o
 .rodata.__FUNCTION__.4967
                0x000000000800e4d8       0x14 build/kernel/src/timer.o
 .rodata.__FUNCTION__.5174
                0x000000000800e4ec       0x10 build/kernel/components/drivers/serial/serial.o
 .rodata.__FUNCTION__.5184
                0x000000000800e4fc       0x10 build/kernel/components/drivers/serial/serial.o
 .rodata.__FUNCTION__.5213
                0x000000000800e50c       0x10 build/kernel/components/drivers/serial/serial.o
 .rodata.__FUNCTION__.5245
                0x000000000800e51c       0x10 build/kernel/components/drivers/serial/serial.o
 .rodata.__FUNCTION__.5111
                0x000000000800e52c       0x10 build/kernel/components/drivers/serial/serial.o
 .rodata.__FUNCTION__.5152
                0x000000000800e53c       0x10 build/kernel/components/drivers/serial/serial.o
 .rodata.__FUNCTION__.5082
                0x000000000800e54c       0x10 build/kernel/components/drivers/serial/serial.o
 .rodata.__FUNCTION__.5257
                0x000000000800e55c       0x10 build/kernel/components/drivers/serial/serial.o
 .rodata.__FUNCTION__.5132
                0x000000000800e56c       0x10 build/kernel/components/drivers/serial/serial.o
 .rodata.__FUNCTION__.5096
                0x000000000800e57c       0x10 build/kernel/components/drivers/serial/serial.o
 .rodata.__FUNCTION__.5268
                0x000000000800e58c       0x14 build/kernel/components/drivers/serial/serial.o
 .rodata.__FUNCTION__.5285
                0x000000000800e5a0       0x18 build/kernel/components/drivers/serial/serial.o
 .rodata.__FUNCTION__.5298
                0x000000000800e5b8       0x14 build/kernel/components/drivers/serial/serial.o
 .rodata.__FUNCTION__.5079
                0x000000000800e5cc       0x14 build/kernel/components/drivers/src/completion.o
 .rodata.__FUNCTION__.5091
                0x000000000800e5e0       0x14 build/kernel/components/drivers/src/completion.o
 .rodata.__FUNCTION__.5110
                0x000000000800e5f4       0x14 build/kernel/components/drivers/src/completion.o
 .rodata.__FUNCTION__.5085
                0x000000000800e608       0x14 build/kernel/components/drivers/src/dataqueue.o
 .rodata.__FUNCTION__.5100
                0x000000000800e61c       0x14 build/kernel/components/drivers/src/dataqueue.o
 .rodata.__FUNCTION__.5124
                0x000000000800e630       0x14 build/kernel/components/drivers/src/dataqueue.o
 .rodata.__FUNCTION__.5153
                0x000000000800e644       0x14 build/kernel/components/drivers/src/dataqueue.o
 .rodata.__FUNCTION__.5089
                0x000000000800e658       0x10 build/kernel/components/finsh/shell.o
 .rodata.__FUNCTION__.5098
                0x000000000800e668       0x14 build/kernel/components/finsh/shell.o
 .rodata.__FUNCTION__.5151
                0x000000000800e67c       0x14 build/kernel/components/finsh/shell.o
 .rodata.__fsym_hello_name
                0x000000000800e690        0x8 build/kernel/components/finsh/cmd.o
                0x000000000800e690                __fsym_hello_name
 .rodata.__fsym_hello_desc
                0x000000000800e698       0x10 build/kernel/components/finsh/cmd.o
                0x000000000800e698                __fsym_hello_desc
 .rodata.__fsym_version_name
                0x000000000800e6a8        0x8 build/kernel/components/finsh/cmd.o
                0x000000000800e6a8                __fsym_version_name
 .rodata.__fsym_version_desc
                0x000000000800e6b0       0x24 build/kernel/components/finsh/cmd.o
                0x000000000800e6b0                __fsym_version_desc
 .rodata.__fsym_list_thread_name
                0x000000000800e6d4        0xc build/kernel/components/finsh/cmd.o
                0x000000000800e6d4                __fsym_list_thread_name
 .rodata.__fsym_list_thread_desc
                0x000000000800e6e0        0xc build/kernel/components/finsh/cmd.o
                0x000000000800e6e0                __fsym_list_thread_desc
 .rodata.__fsym_list_sem_name
                0x000000000800e6ec        0xc build/kernel/components/finsh/cmd.o
                0x000000000800e6ec                __fsym_list_sem_name
 .rodata.__fsym_list_sem_desc
                0x000000000800e6f8       0x1c build/kernel/components/finsh/cmd.o
                0x000000000800e6f8                __fsym_list_sem_desc
 .rodata.__fsym_list_event_name
                0x000000000800e714        0xc build/kernel/components/finsh/cmd.o
                0x000000000800e714                __fsym_list_event_name
 .rodata.__fsym_list_event_desc
                0x000000000800e720       0x18 build/kernel/components/finsh/cmd.o
                0x000000000800e720                __fsym_list_event_desc
 .rodata.__fsym_list_mutex_name
                0x000000000800e738        0xc build/kernel/components/finsh/cmd.o
                0x000000000800e738                __fsym_list_mutex_name
 .rodata.__fsym_list_mutex_desc
                0x000000000800e744       0x18 build/kernel/components/finsh/cmd.o
                0x000000000800e744                __fsym_list_mutex_desc
 .rodata.__fsym_list_mailbox_name
                0x000000000800e75c       0x10 build/kernel/components/finsh/cmd.o
                0x000000000800e75c                __fsym_list_mailbox_name
 .rodata.__fsym_list_mailbox_desc
                0x000000000800e76c       0x18 build/kernel/components/finsh/cmd.o
                0x000000000800e76c                __fsym_list_mailbox_desc
 .rodata.__fsym_list_msgqueue_name
                0x000000000800e784       0x10 build/kernel/components/finsh/cmd.o
                0x000000000800e784                __fsym_list_msgqueue_name
 .rodata.__fsym_list_msgqueue_desc
                0x000000000800e794       0x20 build/kernel/components/finsh/cmd.o
                0x000000000800e794                __fsym_list_msgqueue_desc
 .rodata.__fsym_list_mempool_name
                0x000000000800e7b4       0x10 build/kernel/components/finsh/cmd.o
                0x000000000800e7b4                __fsym_list_mempool_name
 .rodata.__fsym_list_mempool_desc
                0x000000000800e7c4       0x1c build/kernel/components/finsh/cmd.o
                0x000000000800e7c4                __fsym_list_mempool_desc
 .rodata.__fsym_list_timer_name
                0x000000000800e7e0        0xc build/kernel/components/finsh/cmd.o
                0x000000000800e7e0                __fsym_list_timer_name
 .rodata.__fsym_list_timer_desc
                0x000000000800e7ec       0x18 build/kernel/components/finsh/cmd.o
                0x000000000800e7ec                __fsym_list_timer_desc
 .rodata.__fsym_list_device_name
                0x000000000800e804        0xc build/kernel/components/finsh/cmd.o
                0x000000000800e804                __fsym_list_device_name
 .rodata.__fsym_list_device_desc
                0x000000000800e810       0x18 build/kernel/components/finsh/cmd.o
                0x000000000800e810                __fsym_list_device_desc
 .rodata.__fsym_list_name
                0x000000000800e828        0x8 build/kernel/components/finsh/cmd.o
                0x000000000800e828                __fsym_list_name
 .rodata.__fsym_list_desc
                0x000000000800e830       0x1c build/kernel/components/finsh/cmd.o
                0x000000000800e830                __fsym_list_desc
 .rodata.__vsym_dummy_name
                0x000000000800e84c        0x8 build/kernel/components/finsh/cmd.o
                0x000000000800e84c                __vsym_dummy_name
 .rodata.__vsym_dummy_desc
                0x000000000800e854       0x1c build/kernel/components/finsh/cmd.o
                0x000000000800e854                __vsym_dummy_desc
 .rodata.op_table
                0x000000000800e870       0xc4 build/kernel/components/finsh/finsh_ops.o
                0x000000000800e870                op_table
 .rodata.finsh_name_table
                0x000000000800e934       0x40 build/kernel/components/finsh/finsh_token.o
 *(.glue_7)
 .glue_7        0x000000000800e974        0x0 linker stubs
 *(.glue_7t)
 .glue_7t       0x000000000800e974        0x0 linker stubs
 *(.gnu.linkonce.t*)
                0x000000000800e974                . = ALIGN (0x4)
                0x000000000800e974                __fsymtab_start = .
 *(FSymTab)
 FSymTab        0x000000000800e974        0xc build/bsp/drivers/led.o
                0x000000000800e974                __fsym_led
 FSymTab        0x000000000800e980        0xc build/kernel/src/mem.o
                0x000000000800e980                __fsym_list_mem
 FSymTab        0x000000000800e98c       0x90 build/kernel/components/finsh/cmd.o
                0x000000000800e98c                __fsym_hello
                0x000000000800e998                __fsym_version
                0x000000000800e9a4                __fsym_list_thread
                0x000000000800e9b0                __fsym_list_sem
                0x000000000800e9bc                __fsym_list_event
                0x000000000800e9c8                __fsym_list_mutex
                0x000000000800e9d4                __fsym_list_mailbox
                0x000000000800e9e0                __fsym_list_msgqueue
                0x000000000800e9ec                __fsym_list_mempool
                0x000000000800e9f8                __fsym_list_timer
                0x000000000800ea04                __fsym_list_device
                0x000000000800ea10                __fsym_list
                0x000000000800ea1c                __fsymtab_end = .
                0x000000000800ea1c                . = ALIGN (0x4)
                0x000000000800ea1c                __vsymtab_start = .
 *(VSymTab)
 VSymTab        0x000000000800ea1c       0x10 build/kernel/components/finsh/cmd.o
                0x000000000800ea1c                __vsym_dummy
                0x000000000800ea2c                __vsymtab_end = .
                0x000000000800ea2c                . = ALIGN (0x4)
                0x000000000800ea2c                . = ALIGN (0x4)
                0x000000000800ea2c                __rt_init_start = .
 *(SORT(.rti_fn*))
 .rti_fn.0      0x000000000800ea2c        0x4 build/kernel/components/init/components.o
                0x000000000800ea2c                __rt_init_rti_start
 .rti_fn.1.post
                0x000000000800ea30        0x4 build/kernel/components/init/components.o
                0x000000000800ea30                __rt_init_rti_board_end
 .rti_fn.3      0x000000000800ea34        0x4 build/kernel/components/finsh/shell.o
                0x000000000800ea34                __rt_init_finsh_system_init
 .rti_fn.7      0x000000000800ea38        0x4 build/kernel/components/init/components.o
                0x000000000800ea38                __rt_init_rti_end
                0x000000000800ea3c                __rt_init_end = .
                0x000000000800ea3c                . = ALIGN (0x4)
                0x000000000800ea3c                . = ALIGN (0x4)
                0x000000000800ea3c                _etext = .
                0x000000000800ea3c                __exidx_start = .

.vfp11_veneer   0x000000000800ea3c        0x0
 .vfp11_veneer  0x000000000800ea3c        0x0 linker stubs

.v4_bx          0x000000000800ea3c        0x0
 .v4_bx         0x000000000800ea3c        0x0 linker stubs

.iplt           0x000000000800ea3c        0x0
 .iplt          0x000000000800ea3c        0x0 /usr/lib/gcc/arm-none-eabi/4.9.2/thumb/cortex-m3/crtbegin.o

.rel.dyn        0x000000000800ea3c        0x0
 .rel.iplt      0x000000000800ea3c        0x0 /usr/lib/gcc/arm-none-eabi/4.9.2/thumb/cortex-m3/crtbegin.o

.ARM.exidx      0x000000000800ea3c        0x0
 *(.ARM.exidx* .gnu.linkonce.armexidx.*)
                0x000000000800ea3c                _sidata = .
                0x000000000800ea3c                __exidx_end = .

.data           0x0000000020000000       0xfc load address 0x000000000800ea3c
                0x0000000020000000                . = ALIGN (0x4)
                0x0000000020000000                _sdata = .
 *(.data)
 *(.data.*)
 .data.uart1    0x0000000020000000        0x8 build/bsp/drivers/usart.o
                0x0000000020000000                uart1
 .data.uart2    0x0000000020000008        0x8 build/bsp/drivers/usart.o
                0x0000000020000008                uart2
 .data.uart3    0x0000000020000010        0x8 build/bsp/drivers/usart.o
                0x0000000020000010                uart3
 .data.SystemCoreClock
                0x0000000020000018        0x4 build/bsp/Libraries/CMSIS/CM3/DeviceSupport/ST/STM32F10x/system_stm32f10x.o
                0x0000000020000018                SystemCoreClock
 .data.APBAHBPrescTable
                0x000000002000001c       0x10 build/bsp/Libraries/STM32F10x_StdPeriph_Driver/src/stm32f10x_rcc.o
 .data.ADCPrescTable
                0x000000002000002c        0x4 build/bsp/Libraries/STM32F10x_StdPeriph_Driver/src/stm32f10x_rcc.o
 .data.rt_object_container
                0x0000000020000030       0x90 build/kernel/src/object.o
                0x0000000020000030                rt_object_container
 .data.finsh_error_string_table
                0x00000000200000c0       0x3c build/kernel/components/finsh/finsh_error.o
 *(.gnu.linkonce.d*)
                0x00000000200000fc                . = ALIGN (0x4)
                0x00000000200000fc                _edata = .

.igot.plt       0x00000000200000fc        0x0 load address 0x000000000800eb38
 .igot.plt      0x00000000200000fc        0x0 /usr/lib/gcc/arm-none-eabi/4.9.2/thumb/cortex-m3/crtbegin.o

.stack          0x00000000200000fc      0x100 load address 0x000000000800eb38
                0x00000000200001fc                . = (. + _system_stack_size)
 *fill*         0x00000000200000fc      0x100 
                0x00000000200001fc                . = ALIGN (0x4)
                0x00000000200001fc                _estack = .
                0x00000000200001fc                __bss_start = .

.bss            0x00000000200001fc     0x13e0 load address 0x000000000800ec38
                0x00000000200001fc                . = ALIGN (0x4)
                0x00000000200001fc                _sbss = .
 *(.bss)
 *(.bss.*)
 .bss.led_inited
                0x00000000200001fc        0x1 build/bsp/drivers/led.o
 *fill*         0x00000000200001fd        0x3 
 .bss.led_stack
                0x0000000020000200      0x200 build/bsp/applications/application.o
 .bss.led_thread
                0x0000000020000400       0x80 build/bsp/applications/application.o
 .bss.rt_tick   0x0000000020000480        0x4 build/kernel/src/clock.o
 .bss.idle      0x0000000020000484       0x80 build/kernel/src/idle.o
 .bss.rt_thread_stack
                0x0000000020000504      0x100 build/kernel/src/idle.o
 .bss.rt_thread_idle_hook
                0x0000000020000604        0x4 build/kernel/src/idle.o
 .bss._errno    0x0000000020000608        0x4 build/kernel/src/kservice.o
 .bss._console_device
                0x000000002000060c        0x4 build/kernel/src/kservice.o
 .bss.rt_log_buf.5118
                0x0000000020000610       0x80 build/kernel/src/kservice.o
 .bss.rt_malloc_hook
                0x0000000020000690        0x4 build/kernel/src/mem.o
 .bss.rt_free_hook
                0x0000000020000694        0x4 build/kernel/src/mem.o
 .bss.heap_ptr  0x0000000020000698        0x4 build/kernel/src/mem.o
 .bss.heap_end  0x000000002000069c        0x4 build/kernel/src/mem.o
 .bss.lfree     0x00000000200006a0        0x4 build/kernel/src/mem.o
 .bss.heap_sem  0x00000000200006a4       0x20 build/kernel/src/mem.o
 .bss.mem_size_aligned
                0x00000000200006c4        0x4 build/kernel/src/mem.o
 .bss.used_mem  0x00000000200006c8        0x4 build/kernel/src/mem.o
 .bss.max_mem   0x00000000200006cc        0x4 build/kernel/src/mem.o
 .bss.rt_object_attach_hook
                0x00000000200006d0        0x4 build/kernel/src/object.o
 .bss.rt_object_detach_hook
                0x00000000200006d4        0x4 build/kernel/src/object.o
 .bss.rt_scheduler_lock_nest
                0x00000000200006d8        0x2 build/kernel/src/scheduler.o
 *fill*         0x00000000200006da        0x2 
 .bss.rt_scheduler_hook
                0x00000000200006dc        0x4 build/kernel/src/scheduler.o
 .bss.rt_timer_list
                0x00000000200006e0        0x8 build/kernel/src/timer.o
 .bss.rt_timer_timeout_hook
                0x00000000200006e8        0x4 build/kernel/src/timer.o
 .bss.random_nr.4930
                0x00000000200006ec        0x4 build/kernel/src/timer.o
 .bss.rt_exception_hook
                0x00000000200006f0        0x4 build/kernel/libcpu/arm/cortex-m3/cpuport.o
 .bss.finsh_thread
                0x00000000200006f4       0x80 build/kernel/components/finsh/shell.o
 .bss.finsh_thread_stack
                0x0000000020000774      0x800 build/kernel/components/finsh/shell.o
 .bss._syscall_table_begin
                0x0000000020000f74        0x4 build/kernel/components/finsh/symbol.o
                0x0000000020000f74                _syscall_table_begin
 .bss._syscall_table_end
                0x0000000020000f78        0x4 build/kernel/components/finsh/symbol.o
                0x0000000020000f78                _syscall_table_end
 .bss._sysvar_table_begin
                0x0000000020000f7c        0x4 build/kernel/components/finsh/symbol.o
                0x0000000020000f7c                _sysvar_table_begin
 .bss._sysvar_table_end
                0x0000000020000f80        0x4 build/kernel/components/finsh/symbol.o
                0x0000000020000f80                _sysvar_table_end
 .bss.dummy     0x0000000020000f84        0x4 build/kernel/components/finsh/cmd.o
 .bss.free_list
                0x0000000020000f88        0x4 build/kernel/components/finsh/finsh_heap.o
 .bss.allocate_list
                0x0000000020000f8c        0x4 build/kernel/components/finsh/finsh_heap.o
 .bss.global_syscall_list
                0x0000000020000f90        0x4 build/kernel/components/finsh/finsh_vm.o
                0x0000000020000f90                global_syscall_list
 *(COMMON)
 COMMON         0x0000000020000f94       0xfc build/bsp/drivers/usart.o
                0x0000000020000f94                serial1
                0x0000000020000fe8                serial3
                0x000000002000103c                serial2
 COMMON         0x0000000020001090        0x1 build/kernel/src/irq.o
                0x0000000020001090                rt_interrupt_nest
 *fill*         0x0000000020001091        0x3 
 COMMON         0x0000000020001094        0xc build/kernel/src/object.o
                0x0000000020001094                rt_object_put_hook
                0x0000000020001098                rt_object_take_hook
                0x000000002000109c                rt_object_trytake_hook
 COMMON         0x00000000200010a0      0x114 build/kernel/src/scheduler.o
                0x00000000200010a0                rt_thread_priority_table
                0x00000000200011a0                rt_current_priority
                0x00000000200011a4                rt_current_thread
                0x00000000200011a8                rt_thread_ready_priority_group
                0x00000000200011ac                rt_thread_defunct
 COMMON         0x00000000200011b4        0xc build/kernel/libcpu/arm/cortex-m3/cpuport.o
                0x00000000200011b4                rt_interrupt_to_thread
                0x00000000200011b8                rt_interrupt_from_thread
                0x00000000200011bc                rt_thread_switch_interrupt_flag
 COMMON         0x00000000200011c0        0x4 build/kernel/components/finsh/shell.o
                0x00000000200011c0                shell
 COMMON         0x00000000200011c4        0x8 build/kernel/components/finsh/finsh_compiler.o
                0x00000000200011c4                finsh_compile_pc
                0x00000000200011c8                finsh_compile_sp
 COMMON         0x00000000200011cc        0x1 build/kernel/components/finsh/finsh_error.o
                0x00000000200011cc                global_errno
 *fill*         0x00000000200011cd        0x3 
 COMMON         0x00000000200011d0       0x80 build/kernel/components/finsh/finsh_heap.o
                0x00000000200011d0                finsh_heap
 COMMON         0x0000000020001250      0x140 build/kernel/components/finsh/finsh_node.o
                0x0000000020001250                global_node_table
 COMMON         0x0000000020001390       0xc4 build/kernel/components/finsh/finsh_var.o
                0x0000000020001390                global_sysvar_list
                0x0000000020001394                global_variable
 COMMON         0x0000000020001454      0x188 build/kernel/components/finsh/finsh_vm.o
                0x0000000020001454                text_segment
                0x00000000200014d4                finsh_vm_stack
                0x00000000200015d4                finsh_pc
                0x00000000200015d8                finsh_sp
                0x00000000200015dc                . = ALIGN (0x4)
                0x00000000200015dc                _ebss = .
 *(.bss.init)
                0x00000000200015dc                __bss_end = .
                0x00000000200015dc                _end = .

.stab
 *(.stab)

.stabstr
 *(.stabstr)

.stab.excl
 *(.stab.excl)

.stab.exclstr
 *(.stab.exclstr)

.stab.index
 *(.stab.index)

.stab.indexstr
 *(.stab.indexstr)

.comment        0x0000000000000000       0x38
 *(.comment)
 .comment       0x0000000000000000       0x38 build/bsp/drivers/board.o
                                         0x39 (size before relaxing)
 .comment       0x0000000000000038       0x39 build/bsp/drivers/stm32f10x_it.o
 .comment       0x0000000000000038       0x39 build/bsp/drivers/led.o
 .comment       0x0000000000000038       0x39 build/bsp/drivers/usart.o
 .comment       0x0000000000000038       0x39 build/bsp/applications/application.o
 .comment       0x0000000000000038       0x39 build/bsp/applications/startup.o
 .comment       0x0000000000000038       0x39 build/bsp/Libraries/CMSIS/CM3/DeviceSupport/ST/STM32F10x/system_stm32f10x.o
 .comment       0x0000000000000038       0x39 build/bsp/Libraries/STM32F10x_StdPeriph_Driver/src/stm32f10x_rcc.o
 .comment       0x0000000000000038       0x39 build/bsp/Libraries/STM32F10x_StdPeriph_Driver/src/stm32f10x_gpio.o
 .comment       0x0000000000000038       0x39 build/bsp/Libraries/STM32F10x_StdPeriph_Driver/src/stm32f10x_usart.o
 .comment       0x0000000000000038       0x39 build/bsp/Libraries/STM32F10x_StdPeriph_Driver/src/misc.o
 .comment       0x0000000000000038       0x39 build/kernel/src/clock.o
 .comment       0x0000000000000038       0x39 build/kernel/src/device.o
 .comment       0x0000000000000038       0x39 build/kernel/src/idle.o
 .comment       0x0000000000000038       0x39 build/kernel/src/ipc.o
 .comment       0x0000000000000038       0x39 build/kernel/src/irq.o
 .comment       0x0000000000000038       0x39 build/kernel/src/kservice.o
 .comment       0x0000000000000038       0x39 build/kernel/src/mem.o
 .comment       0x0000000000000038       0x39 build/kernel/src/object.o
 .comment       0x0000000000000038       0x39 build/kernel/src/scheduler.o
 .comment       0x0000000000000038       0x39 build/kernel/src/thread.o
 .comment       0x0000000000000038       0x39 build/kernel/src/timer.o
 .comment       0x0000000000000038       0x39 build/kernel/libcpu/arm/cortex-m3/cpuport.o
 .comment       0x0000000000000038       0x39 build/kernel/components/drivers/serial/serial.o
 .comment       0x0000000000000038       0x39 build/kernel/components/drivers/src/completion.o
 .comment       0x0000000000000038       0x39 build/kernel/components/drivers/src/dataqueue.o
 .comment       0x0000000000000038       0x39 build/kernel/components/init/components.o
 .comment       0x0000000000000038       0x39 build/kernel/components/finsh/shell.o
 .comment       0x0000000000000038       0x39 build/kernel/components/finsh/symbol.o
 .comment       0x0000000000000038       0x39 build/kernel/components/finsh/cmd.o
 .comment       0x0000000000000038       0x39 build/kernel/components/finsh/finsh_compiler.o
 .comment       0x0000000000000038       0x39 build/kernel/components/finsh/finsh_error.o
 .comment       0x0000000000000038       0x39 build/kernel/components/finsh/finsh_heap.o
 .comment       0x0000000000000038       0x39 build/kernel/components/finsh/finsh_init.o
 .comment       0x0000000000000038       0x39 build/kernel/components/finsh/finsh_node.o
 .comment       0x0000000000000038       0x39 build/kernel/components/finsh/finsh_ops.o
 .comment       0x0000000000000038       0x39 build/kernel/components/finsh/finsh_parser.o
 .comment       0x0000000000000038       0x39 build/kernel/components/finsh/finsh_var.o
 .comment       0x0000000000000038       0x39 build/kernel/components/finsh/finsh_vm.o
 .comment       0x0000000000000038       0x39 build/kernel/components/finsh/finsh_token.o
 .comment       0x0000000000000038       0x39 build/kernel/components/libc/minilibc/stdlib.o
 .comment       0x0000000000000038       0x39 build/kernel/components/libc/minilibc/string.o

.ARM.attributes
                0x0000000000000000       0x2f
 .ARM.attributes
                0x0000000000000000       0x33 build/bsp/drivers/board.o
 .ARM.attributes
                0x0000000000000033       0x33 build/bsp/drivers/stm32f10x_it.o
 .ARM.attributes
                0x0000000000000066       0x33 build/bsp/drivers/led.o
 .ARM.attributes
                0x0000000000000099       0x33 build/bsp/drivers/usart.o
 .ARM.attributes
                0x00000000000000cc       0x33 build/bsp/applications/application.o
 .ARM.attributes
                0x00000000000000ff       0x33 build/bsp/applications/startup.o
 .ARM.attributes
                0x0000000000000132       0x33 build/bsp/Libraries/CMSIS/CM3/DeviceSupport/ST/STM32F10x/system_stm32f10x.o
 .ARM.attributes
                0x0000000000000165       0x33 build/bsp/Libraries/STM32F10x_StdPeriph_Driver/src/stm32f10x_rcc.o
 .ARM.attributes
                0x0000000000000198       0x33 build/bsp/Libraries/STM32F10x_StdPeriph_Driver/src/stm32f10x_gpio.o
 .ARM.attributes
                0x00000000000001cb       0x33 build/bsp/Libraries/STM32F10x_StdPeriph_Driver/src/stm32f10x_usart.o
 .ARM.attributes
                0x00000000000001fe       0x33 build/bsp/Libraries/STM32F10x_StdPeriph_Driver/src/misc.o
 .ARM.attributes
                0x0000000000000231       0x21 build/bsp/Libraries/CMSIS/CM3/DeviceSupport/ST/STM32F10x/startup/gcc_ride7/startup_stm32f10x_md.o
 .ARM.attributes
                0x0000000000000252       0x33 build/kernel/src/clock.o
 .ARM.attributes
                0x0000000000000285       0x33 build/kernel/src/device.o
 .ARM.attributes
                0x00000000000002b8       0x33 build/kernel/src/idle.o
 .ARM.attributes
                0x00000000000002eb       0x33 build/kernel/src/ipc.o
 .ARM.attributes
                0x000000000000031e       0x33 build/kernel/src/irq.o
 .ARM.attributes
                0x0000000000000351       0x33 build/kernel/src/kservice.o
 .ARM.attributes
                0x0000000000000384       0x33 build/kernel/src/mem.o
 .ARM.attributes
                0x00000000000003b7       0x33 build/kernel/src/object.o
 .ARM.attributes
                0x00000000000003ea       0x33 build/kernel/src/scheduler.o
 .ARM.attributes
                0x000000000000041d       0x33 build/kernel/src/thread.o
 .ARM.attributes
                0x0000000000000450       0x33 build/kernel/src/timer.o
 .ARM.attributes
                0x0000000000000483       0x33 build/kernel/libcpu/arm/cortex-m3/cpuport.o
 .ARM.attributes
                0x00000000000004b6       0x21 build/kernel/libcpu/arm/cortex-m3/context_gcc.o
 .ARM.attributes
                0x00000000000004d7       0x33 build/kernel/components/drivers/serial/serial.o
 .ARM.attributes
                0x000000000000050a       0x33 build/kernel/components/drivers/src/completion.o
 .ARM.attributes
                0x000000000000053d       0x33 build/kernel/components/drivers/src/dataqueue.o
 .ARM.attributes
                0x0000000000000570       0x33 build/kernel/components/init/components.o
 .ARM.attributes
                0x00000000000005a3       0x33 build/kernel/components/finsh/shell.o
 .ARM.attributes
                0x00000000000005d6       0x33 build/kernel/components/finsh/symbol.o
 .ARM.attributes
                0x0000000000000609       0x33 build/kernel/components/finsh/cmd.o
 .ARM.attributes
                0x000000000000063c       0x33 build/kernel/components/finsh/finsh_compiler.o